MPLINK 5.08, LINKER
Linker Map File - Created Fri May 12 09:06:39 2017

                                 Section Info
                  Section       Type    Address   Location Size(Bytes)
                ---------  ---------  ---------  ---------  ---------
                   .org_0       code   0x000000    program   0x000002
                   .cinit    romdata   0x000001    program   0x000004
                   .org_1       code   0x000004    program   0x000144
.config_2007_BUILD/DEFAULT/PRODUCTION/INTERRU       code   0x002007    program   0x000002



                              Program Memory Usage 
                               Start         End      
                           ---------   ---------      
                            0x000000    0x000002      
                            0x000004    0x0000a5      
                            0x002007    0x002007      
            166 out of 8454 program addresses used, program memory utilization is 1%



                              Symbols - Sorted by Name
                     Name    Address   Location    Storage File                     
                ---------  ---------  ---------  --------- ---------                
                      Aca   0x000060    program     static C:\Users\Dell\Downloads\Práctica55.X\Interrupción55.asm
                     Aca2   0x00006f    program     static C:\Users\Dell\Downloads\Práctica55.X\Interrupción55.asm
                   INICIO   0x000005    program     static C:\Users\Dell\Downloads\Práctica55.X\Interrupción55.asm
                    INTER   0x000035    program     static C:\Users\Dell\Downloads\Práctica55.X\Interrupción55.asm
                 PANTALLA   0x000078    program     static C:\Users\Dell\Downloads\Práctica55.X\Interrupción55.asm
                     Paca   0x00005e    program     static C:\Users\Dell\Downloads\Práctica55.X\Interrupción55.asm
                    Paca2   0x00006d    program     static C:\Users\Dell\Downloads\Práctica55.X\Interrupción55.asm
                   Pacuya   0x00005c    program     static C:\Users\Dell\Downloads\Práctica55.X\Interrupción55.asm
                  Pacuya2   0x00006b    program     static C:\Users\Dell\Downloads\Práctica55.X\Interrupción55.asm
                     TIME   0x00005a    program     static C:\Users\Dell\Downloads\Práctica55.X\Interrupción55.asm
                    TIME2   0x000069    program     static C:\Users\Dell\Downloads\Práctica55.X\Interrupción55.asm



                              Symbols - Sorted by Address
                     Name    Address   Location    Storage File                     
                ---------  ---------  ---------  --------- ---------                
                   INICIO   0x000005    program     static C:\Users\Dell\Downloads\Práctica55.X\Interrupción55.asm
                    INTER   0x000035    program     static C:\Users\Dell\Downloads\Práctica55.X\Interrupción55.asm
                     TIME   0x00005a    program     static C:\Users\Dell\Downloads\Práctica55.X\Interrupción55.asm
                   Pacuya   0x00005c    program     static C:\Users\Dell\Downloads\Práctica55.X\Interrupción55.asm
                     Paca   0x00005e    program     static C:\Users\Dell\Downloads\Práctica55.X\Interrupción55.asm
                      Aca   0x000060    program     static C:\Users\Dell\Downloads\Práctica55.X\Interrupción55.asm
                    TIME2   0x000069    program     static C:\Users\Dell\Downloads\Práctica55.X\Interrupción55.asm
                  Pacuya2   0x00006b    program     static C:\Users\Dell\Downloads\Práctica55.X\Interrupción55.asm
                    Paca2   0x00006d    program     static C:\Users\Dell\Downloads\Práctica55.X\Interrupción55.asm
                     Aca2   0x00006f    program     static C:\Users\Dell\Downloads\Práctica55.X\Interrupción55.asm
                 PANTALLA   0x000078    program     static C:\Users\Dell\Downloads\Práctica55.X\Interrupción55.asm


